==========================================================================
O3 · 1B 容量印迹表在线 CSR 迁移实测
容量 = 16,777,216 × 60 = 1,006,632,960 突触（≈1.0B）
步数 = 2000，每步活跃 = 32
==========================================================================

[dict]
  训练 2000 步耗时 : 3.13s（1.565 ms/步）
  已生长突触             : 2,045,416（容量占用 0.20319%）
  触达神经元 / 有出行数   : 63,834 / 63,802
  容器内存（实测）        : 187.73 MB（91.8 B/条目）
  RSS 增量               : 162.6 MB

[csr]
  训练 2000 步耗时 : 19.46s（9.728 ms/步）
  已生长突触             : 2,045,416（容量占用 0.20319%）
  触达神经元 / 有出行数   : 63,834 / 63,802
  容器内存（实测）        : 32.73 MB（16.0 B/条目）
  RSS 增量               : -5.5 MB
  预留槽利用率           : 1.000（已分配槽 2,045,416）

--------------------------------------------------------------------------
逐位对拍（2000 步 predict）: PASS 全部一致
内存对比: dict 187.73 MB → csr 32.73 MB（节省 5.74×）
速度对比: dict 1.565 ms/步 → csr 9.728 ms/步（dict 更快 6.21×）

--------------------------------------------------------------------------
分片落盘: 8 片 / 2,045,416 条目，导出 1.85s，恢复 2.66s，目录 D:\AiModel\train\outputs\_csr_shards
round-trip 逐位一致: PASS

==========================================================================
结论：1B 容量档在线 CSR 迁移验证完成（结构 + 逐位等价 + 落盘）；
      100B 档本机不可验证（≥0.9 TB 数据 vs 12.6 GB RAM），属结构就绪项。
==========================================================================
