语料 23504 | 训练段 4000 | 评估段 4701
============================================================================
eta_readout=0.05  ppl_char=  97.2596  bpc=6.6038  (25s)
eta_readout=0.06  ppl_char=  95.8188  bpc=6.5822  (24s)
eta_readout=0.08  ppl_char=  93.6368  bpc=6.5490  (21s)
eta_readout=0.1   ppl_char=  92.1094  bpc=6.5253  (21s)
eta_readout=0.12  ppl_char=  91.0801  bpc=6.5091  (21s)
eta_readout=0.15  ppl_char=  90.2721  bpc=6.4962  (21s)
============================================================================
 eta_readout   ppl_char    ΔPPL%
        0.05    97.2596    +0.00
        0.06    95.8188    -1.48
        0.08    93.6368    -3.72
         0.1    92.1094    -5.30
        0.12    91.0801    -6.35
        0.15    90.2721    -7.18
============================================================================
最优: eta_readout=0.15 → ppl_char 90.2721（相对默认 0.05 变化 -7.18%）
注：eta_readout 默认值 0.05 属既有默认行为；若要改为更优值需 fhz 确认
    （改默认值会改变所有历史基线的数值口径）。
