T6 长程复制（O5 分段校验）| SDR 2048 维 / 32 活跃 | 训练 n=8 × 150 段
随机基线 = 8.3%    既有实测：默认栈 ~10%（位置）
========================================================================================
配置                     n=4 pos/exact         n=8 pos/exact        n=16 pos/exact
baseline            41.9%/     5.0%      26.2%/     0.0%      18.4%/     0.0%   (358s)
bidir               23.8%/     0.0%      19.4%/     0.0%      11.9%/     0.0%   (214s)
seg2_t0.5           41.9%/     5.0%      26.2%/     0.0%      18.4%/     0.0%   (112s)
seg4_t0.5           41.9%/     5.0%      26.2%/     0.0%      18.4%/     0.0%   (103s)
seg4_t0.7           41.9%/     5.0%      26.2%/     0.0%      18.4%/     0.0%   (228s)
seg8_t0.5           41.9%/     5.0%      26.2%/     0.0%      18.4%/     0.0%   (164s)
seg4+bidir          23.8%/     0.0%      19.4%/     0.0%      11.9%/     0.0%   (180s)
========================================================================================
相对基线的 exact 变化（百分点）：
  bidir          n=4 -5.0pp   n=8 +0.0pp   n=16 +0.0pp
  seg2_t0.5      n=4 +0.0pp   n=8 +0.0pp   n=16 +0.0pp
  seg4_t0.5      n=4 +0.0pp   n=8 +0.0pp   n=16 +0.0pp
  seg4_t0.7      n=4 +0.0pp   n=8 +0.0pp   n=16 +0.0pp
  seg8_t0.5      n=4 +0.0pp   n=8 +0.0pp   n=16 +0.0pp
  seg4+bidir     n=4 -5.0pp   n=8 +0.0pp   n=16 +0.0pp
========================================================================================
注：exact = 整段序列完全复现率（O5 唯一目标指标）；pos 为位置准确率（护栏）。
