语料 23504 | 训练段 4000 | 评估段 4701 | 基线 ppl_char = 97.2596
================================================================================================
baseline         ppl_char=  97.2596  Δ=  -0.00%  激活 32/256 = 12.5% (24s)  基准（k_sparse=32 = 12.5% 激活）
A9_ei_0.2        ppl_char=  97.5690  Δ=  +0.32%  激活 32/256 = 12.5% (24s)  E/I 独立抑制类群（抑制比 20%）
A9_ei_0.1        ppl_char=  96.1236  Δ=  -1.17%  激活 32/256 = 12.5% (25s)  抑制比 10%
A9_ei_0.3        ppl_char=  97.6606  Δ=  +0.41%  激活 32/256 = 12.5% (25s)  抑制比 30%
A6_k8_3.1%       ppl_char= 109.4348  Δ= +12.52%  激活 8/256 = 3.1%   (23s)  激活 8/256 = 3.1%（皮层量级）
A6_k16_6.2%      ppl_char=  95.8687  Δ=  -1.43%  激活 16/256 = 6.2%  (22s)  激活 16/256 = 6.2%
A3_enc_e0.001    ppl_char= 129.6884  Δ= +33.34%  激活 32/256 = 12.5% (23s)  可学习编码器 η=0.001
A3_enc_e0.003    ppl_char= 128.7310  Δ= +32.36%  激活 32/256 = 12.5% (23s)  可学习编码器 η=0.003
================================================================================================
配置                ppl_char    ΔPPL%  解读
baseline           97.2596    -0.00  ✓ 可启用（无损）｜基准（k_sparse=32 = 12.5% 激活）
A9_ei_0.2          97.5690    +0.32  ✓ 可启用（无损）｜E/I 独立抑制类群（抑制比 20%）
A9_ei_0.1          96.1236    -1.17  △ 小损｜抑制比 10%
A9_ei_0.3          97.6606    +0.41  ✓ 可启用（无损）｜抑制比 30%
A6_k8_3.1%        109.4348   +12.52  ✗ 有害｜激活 8/256 = 3.1%（皮层量级）
A6_k16_6.2%        95.8687    -1.43  △ 小损｜激活 16/256 = 6.2%
A3_enc_e0.001     129.6884   +33.34  ✗ 有害｜可学习编码器 η=0.001
A3_enc_e0.003     128.7310   +32.36  ✗ 有害｜可学习编码器 η=0.003
