语料 23276 字符（训练 18620 / 评估 4656）

==============================================================================
M9 消融 A：词级 LM 字符归一 PPL（R 参照 = M2 最优 W2 配置）
==============================================================================
  R 参照（W2, 全关）                       PPL=   97.42  bpc=6.606  oov= 0.0%    63.8s
  V4' 全程可塑（ηpc.02+稳态+退火）             PPL=  120.03  bpc=6.907  oov= 0.0%    63.1s
  ①发育期巩固(1500步后冻结)                   PPL=  120.04  bpc=6.907  oov= 0.0%    58.2s
  ①+T1.2 预测主目标化                      PPL=  119.92  bpc=6.906  oov= 0.0%    58.6s
  T2.2 可学习稀疏词典                       PPL=  107.98  bpc=6.755  oov= 0.0%    62.4s
  T3.2 top-k 检索融合(k=8)               PPL=   99.54  bpc=6.637  oov= 0.0%    64.5s
  T3.4 内容寻址+WM×2                     PPL=   98.29  bpc=6.619  oov= 0.0%    61.4s
  ②回放稳定读出                            PPL=   96.16  bpc=6.587  oov= 0.0%    73.8s
  ③逐神经元目标发放率                         PPL=  158.58  bpc=7.309  oov= 0.0%    93.9s
  T4.4 验证驱动睡眠                        PPL=   97.42  bpc=6.606  oov= 0.0%    81.2s
------------------------------------------------------------------------------
M9 消融 B：T3.3 情景缓冲接入生成（bigram 合法率，τ=0.3，120 token）
  episodic_len=0:  bigram 合法率  95.0%
  episodic_len=2:  bigram 合法率  96.7%
  episodic_len=4:  bigram 合法率  93.3%
------------------------------------------------------------------------------
M9 消融 C：容量轨道（T5.2 生长引导 / T5.3 int8 / T5.1lite 稀疏更新）
  T5.3 int8: 生长 8112/8112 突触，预测 cos=0.9999，max|Δ|=0.0142，值内存 190.1→63.4 KB，CSR 8112 条
  T5.2 生长引导: 最大入度 None → 32（引导后均值 17.946902654867255）
  T5.2 因果结构（引导表）: A→B 重合 0.50 / B→C 重合 0.50
  T5.1lite 稀疏 PC (n_top=1024): 稠密 23.49 ms/步 → 稀疏 12.72 ms/步（1.85×），单步相对偏差 0.0400（近似等价）
==============================================================================
汇总（vs R 参照 97.42）
  R 参照（W2, 全关）                          97.42    +0.0%
  V4' 全程可塑（ηpc.02+稳态+退火）               120.03   +23.2%
  ①发育期巩固(1500步后冻结)                     120.04   +23.2%
  ①+T1.2 预测主目标化                        119.92   +23.1%
  T2.2 可学习稀疏词典                         107.98   +10.8%
  T3.2 top-k 检索融合(k=8)                  99.54    +2.2%
  T3.4 内容寻址+WM×2                        98.29    +0.9%
  ②回放稳定读出                               96.16    -1.3%
  ③逐神经元目标发放率                           158.58   +62.8%
  T4.4 验证驱动睡眠                           97.42    +0.0%

结果已写入 outputs/demo_m9_result.json
