==================================================================
PHD-Net 回归测试（full）
==================================================================
  ✓ 版本一致性 v0.0.0  [0.0.0]
  ✓ demo_phdnet 三实验（因果结构 / 补全 100% / 关联 5/5）  [cos_B=0.73 误差=0.317]
  ✓ M4 容量层小规模因果学习（A→B 优于 A→C）  [→B 1.00 / →C 0.00]
  ✓ 词级 LM 冒烟（字符归一 PPL 有限且优于均匀）  [PPL=86.0 / 均匀 1540]
  ✓ M4 大容量 LTM 接入冒烟（印迹生长 > 0）  [生长 1748 突触]
  ✓ T6 长程复制（n=4 位置准确率 > 随机 2×）  [52.5% vs 随机 8.3%]
  ✓ 后端探测可运行（无加速器时回退 CPU 亦属通过）  [torch-cpu / 默认 torch 后端=False]
  ✓ torch 后端与 numpy 参考等价（CPU 验证；昇腾/ROCm 同算子待硬件验证）
  ✓ torch 后端模型可构造并学习（W 增长 > 0）  [W.sum=0.62]
  ✓ M1/M3/M5/M4b/发育/M9 开关全开可构造并运行（默认路径不受影响）  [1B 表生长 256 / CSR 256 突触]
  ✓ 脑同构五项全开：构造/学习/睡眠/有限输出
  ✓ full: demo_lm.py  [结论: ✓ 优于 3-gram 基线]
  ✓ full: demo_m1.py  [结论: 最优 A 基线（开关全关） PPL = 119.32  △ 未达 ≤70（以实测为准，进入调参迭代）]
  ✓ full: demo_m2.py  [结论: 最优字符归一 PPL = 76.97（字符级 3-gram 参照 631.07，PHD-Net 字符级基线 15]
  ✓ full: demo_m3.py  [结论: 最优 R 参照（M2 最优 W2） = 78.42（M2 最优 89.15；字符级基线 155.80）]
  ✓ full: demo_m4.py  [M4 结论：容量层 1B 可训练（0.69 ms/步，因果结构 ✓）；接入后字符归一 PPL 72.51 vs 稠密 7]
  ✓ full: demo_m9.py  [结果已写入 outputs/demo_m9_result.json]
  ✓ full: demo_strength.py  [结论: ○ 稳态缩放 + 读出退火消除了发散（V4=105.23，较无稳态发散 8751 改善 83×），但表征漂移仍损]
  ✓ full: eval_suite.py  [判定: 相当（达标）]
------------------------------------------------------------------
通过 19/19
