================================================================
PHD-Net 1B 参数模型 —— 构建 + 在线训练（事件驱动稀疏计算）
================================================================
神经元数量            : 16,777,216
每神经元可塑出边上限  : 60
总突触参数容量        : 1,006,632,960  ≈ 1.007 × 10^9
激活率                : 0.0002%（SDR 稀疏编码）
----------------------------------------------------------------
训练 1500 步（序列 A→B→C→A…，在线、单样本、无反向传播）
前 100 步平均时序误差 : 0.040
后 100 步平均时序误差 : 0.000   （下降 100.0%）
训练总耗时            : 3.04s（平均 2.02 ms/步）
已生长突触（实际存储的可训练参数）: 3,072 条（占容量 0.00031%）
印迹表内存占用        : ≈0.31 MB（对比密集 1B 模型：~4 GB 权重 + ~12 GB 优化器状态）
误差趋势: ▇▁▁▁▁▁▁▁▁▁▁▁▁▁▁▁▁▁▁▁▁▁▁▁▁▁▁▁▁▁▁▁▁▁▁▁▁▁▁▁▁
----------------------------------------------------------------
结构检验（预测质量在各符号上的归一化分布）：
  看到 A → 预测分布 [A:0.000 B:1.000 C:0.000] → 学到 A→B ✓
  看到 B → 预测分布 [A:0.000 B:0.000 C:1.000] → 学到 B→C ✓
  看到 C → 预测分布 [A:1.000 B:0.000 C:0.000] → 学到 C→A ✓
----------------------------------------------------------------
结论：1B 突触容量类脑模型在本机 CPU 完成真实在线训练，时序误差下降且 3/3 转移结构正确 —— 事件驱动稀疏计算有效。
