==============================================================================
泛化能力探针：域内 / 近域 / 远域（词级 LM，冻结语料 80/20 训练一次）  配置: BASE + T3.4 内容寻址 + ② 回放稳定读出
==============================================================================
语料 23,504 字符（训练 18,803 / 域内评估 4,701）
词表 1300（训练段构建，无评估泄漏）  训练 token 12,353  压缩比 1.52×
训练完成 142.6s

[域内·held-out 80/20]  4,701 字符  3,386 token  有效步 3,150  OOV 6.9%  (3s)
    PHD  ppl_char=    72.88  ppl_pen=   104.31  bpc_pen=6.705
    NGram full=   147.36  step对齐=   137.62  PHD_pen/full=0.708
[近域·性能评估文档]  9,058 字符  6,467 token  有效步 6,143  OOV 5.0%  (7s)
    PHD  ppl_char=    70.23  ppl_pen=    90.70  bpc_pen=6.503
    NGram full=   132.50  step对齐=   126.09  PHD_pen/full=0.685
[近域·路线图文档]  10,114 字符  7,432 token  有效步 6,726  OOV 9.5%  (7s)
    PHD  ppl_char=    66.20  ppl_pen=   109.13  bpc_pen=6.770
    NGram full=   156.30  step对齐=   142.94  PHD_pen/full=0.698
[近域·竞争力文档]  13,471 字符  9,556 token  有效步 8,874  OOV 7.1%  (8s)
    PHD  ppl_char=    64.79  ppl_pen=    93.09  bpc_pen=6.541
    NGram full=   133.26  step对齐=   126.88  PHD_pen/full=0.699
[近域·README]  7,502 字符  5,627 token  有效步 5,303  OOV 5.7%  (5s)
    PHD  ppl_char=    50.75  ppl_pen=    69.11  bpc_pen=6.111
    NGram full=    93.99  step对齐=    92.69  PHD_pen/full=0.735
[远域·维基百科OOD]  20,187 字符  19,644 token  有效步 8,152  OOV 58.5%  (7s)
    PHD  ppl_char=    16.74  ppl_pen=   991.48  bpc_pen=9.953
    NGram full=  1072.10  step对齐=   887.01  PHD_pen/full=0.925

==============================================================================
泛化判定（inflation = ppl_pen(target)/ppl_pen(域内)；≤2×良好｜2–4×中等｜>4×不足）
==============================================================================
  近域·性能评估文档      inflation= 0.87×  → 良好
  近域·路线图文档       inflation= 1.05×  → 良好
  近域·竞争力文档       inflation= 0.89×  → 良好
  近域·README      inflation= 0.66×  → 良好
  远域·维基百科OOD     inflation= 9.50×  → 不足

总判定: 泛化不足，需加强（最差 inflation 9.50×）
长度外推（引用 eval_suite 冻结数据）: copy n=8→16 PHD-Net ~10.0–11.0% / TF ~5.7–9.7%，随机 8.3% —— 双方均接近随机，长度外推弱。
结果已写入 outputs/demo_gen_result.json
