语料 23451 字符（训练 18760 / 评估 4691）

==============================================================================
M9 消融 A：词级 LM 字符归一 PPL（R 参照 = M2 最优 W2 配置）
==============================================================================
  R 参照（W2, 全关）                       PPL=  104.90  bpc=6.713  oov= 0.0%    98.7s
  V4' 全程可塑（ηpc.02+稳态+退火）             PPL=  124.91  bpc=6.965  oov= 0.0%    88.7s
  ①发育期巩固(1500步后冻结)                   PPL=  123.17  bpc=6.945  oov= 0.0%    71.8s
  ①+T1.2 预测主目标化                      PPL=  123.12  bpc=6.944  oov= 0.0%    76.9s
  T2.2 可学习稀疏词典                       PPL=  115.06  bpc=6.846  oov= 0.0%    82.1s
  T3.2 top-k 检索融合(k=8)               PPL=  103.76  bpc=6.697  oov= 0.0%    65.2s
  T3.4 内容寻址+WM×2                     PPL=  104.70  bpc=6.710  oov= 0.0%    64.1s
  ②回放稳定读出                            PPL=  103.33  bpc=6.691  oov= 0.0%    77.2s
  ③逐神经元目标发放率                         PPL=  167.96  bpc=7.392  oov= 0.0%   104.4s
  T4.4 验证驱动睡眠                        PPL=  104.90  bpc=6.713  oov= 0.0%   107.4s
------------------------------------------------------------------------------
M9 消融 B：T3.3 情景缓冲接入生成（bigram 合法率，τ=0.3，120 token）
  episodic_len=0:  bigram 合法率  96.7%
  episodic_len=2:  bigram 合法率  99.2%
  episodic_len=4:  bigram 合法率  99.2%
------------------------------------------------------------------------------
M9 消融 C：容量轨道（T5.2 生长引导 / T5.3 int8 / T5.1lite 稀疏更新）
  T5.3 int8: 生长 8112/8112 突触，预测 cos=0.9999，max|Δ|=0.0142，值内存 190.1→63.4 KB，CSR 8112 条
  T5.2 生长引导: 最大入度 None → 32（引导后均值 17.946902654867255）
  T5.2 因果结构（引导表）: A→B 重合 0.50 / B→C 重合 0.50
  T5.1lite 稀疏 PC (n_top=1024): 稠密 26.38 ms/步 → 稀疏 14.90 ms/步（1.77×），单步相对偏差 0.0400（近似等价）
==============================================================================
汇总（vs R 参照 104.90）
  R 参照（W2, 全关）                         104.90    +0.0%
  V4' 全程可塑（ηpc.02+稳态+退火）               124.91   +19.1%
  ①发育期巩固(1500步后冻结)                     123.17   +17.4%
  ①+T1.2 预测主目标化                        123.12   +17.4%
  T2.2 可学习稀疏词典                         115.06    +9.7%
  T3.2 top-k 检索融合(k=8)                 103.76    -1.1%
  T3.4 内容寻址+WM×2                       104.70    -0.2%
  ②回放稳定读出                              103.33    -1.5%
  ③逐神经元目标发放率                           167.96   +60.1%
  T4.4 验证驱动睡眠                          104.90    +0.0%

结果已写入 outputs/demo_m9_result.json
