语料 19013 字符（训练 15210 / 评估 3803）

==============================================================================
M9 消融 A：词级 LM 字符归一 PPL（R 参照 = M2 最优 W2 配置）
==============================================================================
  R 参照（W2, 全关）                       PPL=  117.05  bpc=6.871  oov= 0.0%    80.8s
  V4' 全程可塑（ηpc.02+稳态+退火）             PPL=  130.20  bpc=7.025  oov= 0.0%    78.6s
  ①发育期巩固(1500步后冻结)                   PPL=  135.25  bpc=7.079  oov= 0.0%    66.2s
  ①+T1.2 预测主目标化                      PPL=  135.64  bpc=7.084  oov= 0.0%    84.6s
  T2.2 可学习稀疏词典                       PPL=  124.17  bpc=6.956  oov= 0.0%    82.1s
  T3.2 top-k 检索融合(k=8)               PPL=  114.20  bpc=6.835  oov= 0.0%   106.5s
  T3.4 内容寻址+WM×2                     PPL=  115.87  bpc=6.856  oov= 0.0%   109.2s
  ②回放稳定读出                            PPL=  116.13  bpc=6.860  oov= 0.0%   130.8s
  ③逐神经元目标发放率                         PPL=  161.41  bpc=7.335  oov= 0.0%   140.3s
  T4.4 验证驱动睡眠                        PPL=  117.05  bpc=6.871  oov= 0.0%    97.1s
------------------------------------------------------------------------------
M9 消融 B：T3.3 情景缓冲接入生成（bigram 合法率，τ=0.3，120 token）
  episodic_len=0:  bigram 合法率 100.0%
  episodic_len=2:  bigram 合法率 100.0%
  episodic_len=4:  bigram 合法率  99.2%
------------------------------------------------------------------------------
M9 消融 C：容量轨道（T5.2 生长引导 / T5.3 int8 / T5.1lite 稀疏更新）
  T5.3 int8: 生长 8112/8112 突触，预测 cos=0.9999，max|Δ|=0.0142，值内存 190.1→63.4 KB，CSR 8112 条
  T5.2 生长引导: 最大入度 None → 32（引导后均值 17.946902654867255）
  T5.2 因果结构（引导表）: A→B 重合 0.50 / B→C 重合 0.50
  T5.1lite 稀疏 PC (n_top=1024): 稠密 43.86 ms/步 → 稀疏 22.58 ms/步（1.94×），单步相对偏差 0.0400（近似等价）
==============================================================================
汇总（vs R 参照 117.05）
  R 参照（W2, 全关）                         117.05    +0.0%
  V4' 全程可塑（ηpc.02+稳态+退火）               130.20   +11.2%
  ①发育期巩固(1500步后冻结)                     135.25   +15.6%
  ①+T1.2 预测主目标化                        135.64   +15.9%
  T2.2 可学习稀疏词典                         124.17    +6.1%
  T3.2 top-k 检索融合(k=8)                 114.20    -2.4%
  T3.4 内容寻址+WM×2                       115.87    -1.0%
  ②回放稳定读出                              116.13    -0.8%
  ③逐神经元目标发放率                           161.41   +37.9%
  T4.4 验证驱动睡眠                          117.05    +0.0%

结果已写入 outputs/demo_m9_result.json
