语料 23504 字符 | 训练段 4000 | 评估段 4701
============================================================================
baseline           ppl_char=  97.2596  bpc=6.6038  (82.9s)  无新开关（应与 ablation 基线 97.2596 逐位一致）
O5_recur0.5        ppl_char=  97.5772  bpc=6.6085  (70.8s)  再入连接 gain=0.5
O5_recur1.0        ppl_char=  95.4302  bpc=6.5764  (77.3s)  再入连接 gain=1.0（全量）
O5_segcheck50      ppl_char=  98.2919  bpc=6.6190  (82.2s)  分段校验 N=50（低置信段读出降权）
O5_both            ppl_char=  98.8680  bpc=6.6274  (82.8s)  再入 + 分段校验组合
B7_minibatch4      ppl_char= 106.3646  bpc=6.7329  (103.9s)  读出 minibatch=4（平均梯度更新）
B7_minibatch8      ppl_char= 108.8013  bpc=6.7656  (56.7s)  读出 minibatch=8
B7_mb4_anneal      ppl_char= 102.4888  bpc=6.6793  (54.0s)  minibatch=4 + 学习率补偿(0.1)
============================================================================
配置                  ppl_char      变化率%      耗时
baseline             97.2596     +0.00   82.9s
O5_recur0.5          97.5772     +0.33   70.8s
O5_recur1.0          95.4302     -1.88   77.3s
O5_segcheck50        98.2919     +1.06   82.2s
O5_both              98.8680     +1.65   82.8s
B7_minibatch4       106.3646     +9.36  103.9s
B7_minibatch8       108.8013    +11.87   56.7s
B7_mb4_anneal       102.4888     +5.38   54.0s
============================================================================
判读：变化率 <0 = 优于基线（PPL 下降）；O5 的目标是长程整段复制（见 demo_copy 口径），
      LM PPL 仅作「不损害主任务」的护栏检查。
